42 routes x 3 target opponents x 4 seeds x 2 seats = 1008 games

route                            familyB     Khanh   Youssef  LOSSES      worst
v30.py                               0/8       0/8       0/8       0     +1,144  <= v30 base
o_90729118.py                        0/8       0/8       0/8       0     +1,144
f_90631991_p1.py                     0/8       0/8       0/8       0       +494
f_90635979_p1.py                     0/8       0/8       0/8       0       +216
f_90635229_p1.py                     0/8       4/8       0/8       4       -410
f_90629703_p0.py                     0/8       4/8       4/8       8       -980
f_90637565_p1.py                     0/8       4/8       4/8       8     -2,219
f_90630506_p0.py                     2/8       4/8       4/8      10    -10,365
f_90630506_p1.py                     0/8       6/8       6/8      12       -581
f_90631991_p0.py                     0/8       6/8       6/8      12       -586
f_90637602_p1.py                     0/8       8/8       8/8      16     -2,305
f_90630455_p0.py                     0/8       8/8       8/8      16     -3,730
f_90639993_p0.py                     0/8       8/8       8/8      16     -3,730
f_90630478_p0.py                     0/8       8/8       8/8      16     -3,744
f_90637613_p0.py                     0/8       8/8       8/8      16     -3,798
f_90640790_p1.py                     0/8       8/8       8/8      16     -4,513

routes losing NOTHING to all three: 4
    v30.py worst +1,144
    o_90729118.py worst +1,144
    f_90631991_p1.py worst +494
    f_90635979_p1.py worst +216
