42 routes x 3 opponents x 6 ADVERSARIAL seeds = 756 games

route                            familyB     Khanh   Youssef  LOSSES      worst
f_90635979_p1.py                     0/6       0/6       0/6       0       +291
f_90635229_p1.py                     0/6       1/6       0/6       1       -640
f_90630506_p1.py                     0/6       1/6       2/6       3     -1,892
f_90631991_p0.py                     0/6       1/6       2/6       3     -1,892
f_90630506_p0.py                     1/6       3/6       2/6       6     -6,018
f_90629703_p0.py                     0/6       4/6       5/6       9     -2,495
v30.py                               4/6       3/6       2/6       9     -2,710  <= v30 base
o_90729118.py                        4/6       3/6       2/6       9     -2,710
f_90637565_p1.py                     0/6       5/6       5/6      10     -2,504
f_90631991_p1.py                     4/6       4/6       4/6      12     -2,880
f_90637602_p1.py                     0/6       6/6       6/6      12     -3,183
f_90630455_p0.py                     0/6       6/6       6/6      12     -5,155
f_90630478_p0.py                     0/6       6/6       6/6      12     -5,155
f_90639993_p0.py                     0/6       6/6       6/6      12     -5,155
f_90640790_p1.py                     0/6       6/6       6/6      12     -5,994
f_90639963_p1.py                     4/6       4/6       4/6      12   -198,732

routes losing NOTHING to all three: 1
    f_90635979_p1.py worst +291
